==============================================================================
HARDWARE COUNTERS -- WHOLE MODEL, uarch-exploration
==============================================================================
source   : experiments/results_vtune_whole_model.json
recorded : 2026-08-20 01:22
machine  :
           Intel Core i7-11850H (Tiger Lake H, 8C/16T)
           L1d 48 KiB/core  L2 1.25 MiB/core  L3 24 MiB shared
           64 GiB RAM, Windows 11, onnxruntime 1.28.0 CPUExecutionProvider
           Python 3.12.8, numpy 2.4.6, torch 2.13.0+cpu, transformers 4.57.6
protocol :
           Intel VTune uarch-exploration, single thread, 8 s sampling window.
           Encoder driven at 1500 positions per pass, decoder at one
           autoregressive step -- each in its natural regime, since that
           asymmetry is the thing being measured.
           Memory Bound and the L1/L2/L3/DRAM Bound figures are shares of
           pipeline slots, not miss counts.
==============================================================================

variant                                       MiB    ms/iter   Mem%   L1%   L2%   L3%  DRAM%    CPI
----------------------------------------------------------------------------------------------------
enkoder FP32                               1172.2   12120.48   12.0   2.2   2.1   1.6    4.9  0.649
enkoder INT8 (GPTQ)                         299.8    7417.29   11.1   3.2   1.3   1.8    4.4  0.477
enkoder kaskad (qisqartirish+GPTQ)          267.0    7210.54   10.2   2.6   1.3   1.5    4.5  0.472
enkoder INT8 + past-rank                    202.6    6602.77   10.2   2.5   1.2   2.4    4.0  0.459
dekoder FP32                               1742.6    1619.74   18.8   3.7   2.4   2.6    9.9  0.665
dekoder INT8 (kaskad tanlovi)               437.9     451.06   19.4   5.1   1.6   5.0    7.1  0.625
dekoder INT8 + past-rank (rad etilgan)      343.5     455.07   16.3   1.9   1.5   6.0    5.8  0.612
enkoder INT8 per-tensor  [300]              298.7    7061.78    9.8   3.8   1.2   1.3    3.6  0.469
enkoder RTN per-channel  [300]              299.8    7090.37    9.5   3.3   1.1   1.6    3.7  0.469
enkoder GPTQ            [300]               299.8    7080.76    9.8   3.9   1.1   1.0    4.1  0.468
enkoder qisqartirish+RTN [267]              267.0    6757.57    9.2   3.6   1.0   1.2    3.5  0.462
enkoder kaskad: qisq.+GPTQ [267]            267.0    6728.08    9.6   3.4   1.0   1.6    3.4  0.460
enkoder past-rank bir xil [203]             202.7    6294.76    8.9   3.0   1.1   1.6    3.6  0.450
enkoder past-rank optimal [203]             202.6    6300.52    8.6   3.5   1.1   1.3    3.0  0.451
dekoder INT8 per-tensor  [438]              437.9     480.38   17.7   0.4   1.3   8.2    6.6  0.627
dekoder INT8 per-channel [439]              439.4     469.21   19.3   4.3   1.4   5.0    8.1  0.622
dekoder INT8 + past-rank (rad etilgan) [    343.5     463.89   18.1   4.3   1.5   5.3    6.8  0.614


==============================================================================
LAST-LEVEL-CACHE MISS COUNTS, PER FORWARD PASS
==============================================================================
source   : experiments/results_llc_miss_count.json
recorded : 2026-08-31 17:53
protocol : VTune runsa, event-config MEM_LOAD_RETIRED.L3_MISS,
           MEM_LOAD_RETIRED.L3_HIT, LONGEST_LAT_CACHE.MISS.
           Each variant profiled twice -- once with the timed
           loop, once with seconds=0 (same model load and
           warm-up, no measured iterations) -- and the
           difference divided by the iteration count, so
           setup traffic is removed from the absolute counts.

variant                               MiB   LLC-load-miss  miss rate    all L3 miss   ms/iter
--------------------------------------------------------------------------------------------
enkoder FP32                       1172.2      12 280 156      0.174    367 836 035   12044.4
enkoder INT8 [300]                  298.7      15 356 447      0.261    203 620 394    7013.5
enkoder kaskad [267]                267.0      12 619 584      0.248    196 363 034    6768.4
enkoder past-rank [203]             202.6      13 962 112      0.284    197 030 911    6391.7
dekoder FP32                       1742.6       5 477 300      0.267     40 694 078    1509.8
dekoder INT8 [438]                  437.9       3 865 259      0.229     13 032 209     458.5
dekoder INT8+past-rank [343]        343.5       2 811 180      0.175     10 158 083     449.3
