==============================================================================
ENCODER LATENCY LIBRARY -- RUN 2, INTERLEAVED DESIGN
==============================================================================
source   : experiments/results_latency_library_interleaved.json
recorded : 2026-08-27 16:32
machine  :
           Intel Core i7-11850H (Tiger Lake H, 8C/16T)
           L1d 48 KiB/core  L2 1.25 MiB/core  L3 24 MiB shared
           64 GiB RAM, Windows 11, onnxruntime 1.28.0 CPUExecutionProvider
           Python 3.12.8, numpy 2.4.6, torch 2.13.0+cpu, transformers 4.57.6
protocol :
           Configurations cycled A-B-C-A-B-C for 7 rounds,
           3 warm-up passes, 1 thread,
           fresh session per measurement.
           Re-measurement of run 1. Eleven of twelve rows reproduce within
           run-to-run spread; the blind INT8 row does not (8658.2 ms in run 1,
           6981.2 ms here, -19.4%). Ratios computed against that baseline
           differ correspondingly between the two runs.
==============================================================================

key      label                                        MiB         ms  spread%  vs INT8
--------------------------------------------------------------------------------------
fp32     FP32 enkoder (nazorat nuqtasi)           1172.19   11550.47     5.21    0.60x
int8     ko'r-ko'rona INT8 (qisqartirishsiz)       299.80    6981.19     9.87    1.00x
t99      bizniki tau=0.99 (17%)                    266.97    6602.32     4.93    1.06x
t97      bizniki tau=0.97 (20%)                    260.97    6467.43     5.33    1.08x
t95      bizniki tau=0.95 (24%)                    254.37    6598.43     4.02    1.06x
t93      bizniki tau=0.93 (27%)                    247.57    6476.60     9.94    1.08x
mag30    ko'r-ko'rona magnitude 30%                241.93    6498.38     5.79    1.07x
t90      bizniki tau=0.90 (33%)                    236.95    6368.17     3.45    1.10x
axis     o'q gibridi (kanal L0-5, rank L6+)        213.32    6128.68     3.84    1.14x
r45      kesh-majburiy 45% (tau panjarasi + tri    213.03    6209.89     6.14    1.12x
r45b     kesh-majburiy 45% (uzluksiz tau bisekt    213.03    6166.84     5.59    1.13x
mag50    ko'r-ko'rona magnitude 50%                203.37    6126.85     5.66    1.14x

per-round measurements (ms):
  fp32      11763.3  11745.3  11753.9  11550.5  11339.6  11436.1  11161.4
  int8       6869.4   7413.4   7000.3   7038.4   6981.2   6724.1   6859.4
  t99        6627.8   6756.1   6602.3   6655.0   6594.7   6430.8   6502.4
  t97        6447.9   6748.7   6511.5   6602.2   6458.0   6467.4   6404.1
  t95        6709.3   6598.4   6690.4   6670.1   6444.3   6474.6   6502.4
  t93        6816.3   6549.9   6476.6   6551.3   6287.5   6345.3   6172.4
  mag30      6343.4   6593.1   6526.4   6498.4   6628.3   6339.5   6252.0
  t90        6431.1   6452.8   6421.5   6348.4   6233.3   6368.2   6334.7
  axis       6095.8   6308.6   6250.0   6249.9   6073.2   6117.8   6128.7
  r45        6387.1   6324.3   6237.9   6209.9   6005.9   6072.7   6059.0
  r45b       6218.8   6166.8   6190.2   6191.3   6107.8   6094.3   5873.9
  mag50      5904.0   6126.8   6168.1   6153.3   6205.3   5993.7   5858.5
